 Container clarus-postgres Running 
Environment variables loaded from .env
 ⚠ Warning: Next.js inferred your workspace root, but it may not be correct.
 We detected multiple lockfiles and selected the directory of C:\Users\ahuss\Documents\clarus\package-lock.json as the root directory.
 To silence this warning, set `outputFileTracingRoot` in your Next.js config, or consider removing one of the lockfiles if it's not needed.
   See https://nextjs.org/docs/app/api-reference/config/next-config-js/output#caveats for more information.
 Detected additional lockfiles: 
   * C:\Users\ahuss\Documents\clarus\FE\package-lock.json

 ⚠ Fast Refresh had to perform a full reload due to a runtime error.
 ⨯ ReferenceError: shouldRequirePreferenceResubmission is not defined
    at WorkPlanOptimizerPage.useMemo[isPreferenceResubmissionDue] (app\dashboard\(member-3-optimization-experience)\study-plan-optimizer\page.tsx:333:7)
    at WorkPlanOptimizerPage (app\dashboard\(member-3-optimization-experience)\study-plan-optimizer\page.tsx:331:46)
  331 |   const isPreferenceResubmissionDue = useMemo(
  332 |     () =>
> 333 |       shouldRequirePreferenceResubmission({
      |       ^
  334 |         frequency: optimizerPromptFrequency,
  335 |         profileSubmittedAtIso
  336 |       }), {
  digest: '1160151538'
}
 ⚠ Fast Refresh had to perform a full reload due to a runtime error.
 ⨯ ReferenceError: shouldRequirePreferenceResubmission is not defined
    at WorkPlanOptimizerPage.useMemo[isPreferenceResubmissionDue] (app\dashboard\(member-3-optimization-experience)\study-plan-optimizer\page.tsx:333:7)
    at WorkPlanOptimizerPage (app\dashboard\(member-3-optimization-experience)\study-plan-optimizer\page.tsx:331:46)
  331 |   const isPreferenceResubmissionDue = useMemo(
  332 |     () =>
> 333 |       shouldRequirePreferenceResubmission({
      |       ^
  334 |         frequency: optimizerPromptFrequency,
  335 |         profileSubmittedAtIso
  336 |       }), {
  digest: '2296111323'
}
 ⨯ ReferenceError: shouldRequirePreferenceResubmission is not defined
    at WorkPlanOptimizerPage.useMemo[isPreferenceResubmissionDue] (app\dashboard\(member-3-optimization-experience)\study-plan-optimizer\page.tsx:333:7)
    at WorkPlanOptimizerPage (app\dashboard\(member-3-optimization-experience)\study-plan-optimizer\page.tsx:331:46)
  331 |   const isPreferenceResubmissionDue = useMemo(
  332 |     () =>
> 333 |       shouldRequirePreferenceResubmission({
      |       ^
  334 |         frequency: optimizerPromptFrequency,
  335 |         profileSubmittedAtIso
  336 |       }), {
  digest: '2296111323'
}
 ⚠ Fast Refresh had to perform a full reload due to a runtime error.
 ⨯ ReferenceError: shouldRequirePreferenceResubmission is not defined
    at WorkPlanOptimizerPage.useMemo[isPreferenceResubmissionDue] (app\dashboard\(member-3-optimization-experience)\study-plan-optimizer\page.tsx:333:7)
    at WorkPlanOptimizerPage (app\dashboard\(member-3-optimization-experience)\study-plan-optimizer\page.tsx:331:46)
  331 |   const isPreferenceResubmissionDue = useMemo(
  332 |     () =>
> 333 |       shouldRequirePreferenceResubmission({
      |       ^
  334 |         frequency: optimizerPromptFrequency,
  335 |         profileSubmittedAtIso
  336 |       }), {
  digest: '2296111323'
}
 ⨯ ReferenceError: shouldRequirePreferenceResubmission is not defined
    at WorkPlanOptimizerPage.useMemo[isPreferenceResubmissionDue] (app\dashboard\(member-3-optimization-experience)\study-plan-optimizer\page.tsx:333:7)
    at WorkPlanOptimizerPage (app\dashboard\(member-3-optimization-experience)\study-plan-optimizer\page.tsx:331:46)
  331 |   const isPreferenceResubmissionDue = useMemo(
  332 |     () =>
> 333 |       shouldRequirePreferenceResubmission({
      |       ^
  334 |         frequency: optimizerPromptFrequency,
  335 |         profileSubmittedAtIso
  336 |       }), {
  digest: '2296111323'
}
 ⚠ Fast Refresh had to perform a full reload due to a runtime error.
 ⨯ ReferenceError: shouldRequirePreferenceResubmission is not defined
    at WorkPlanOptimizerPage.useMemo[isPreferenceResubmissionDue] (app\dashboard\(member-3-optimization-experience)\study-plan-optimizer\page.tsx:333:7)
    at WorkPlanOptimizerPage (app\dashboard\(member-3-optimization-experience)\study-plan-optimizer\page.tsx:331:46)
  331 |   const isPreferenceResubmissionDue = useMemo(
  332 |     () =>
> 333 |       shouldRequirePreferenceResubmission({
      |       ^
  334 |         frequency: optimizerPromptFrequency,
  335 |         profileSubmittedAtIso
  336 |       }), {
  digest: '2296111323'
}
 ⨯ ReferenceError: shouldRequirePreferenceResubmission is not defined
    at WorkPlanOptimizerPage.useMemo[isPreferenceResubmissionDue] (app\dashboard\(member-3-optimization-experience)\study-plan-optimizer\page.tsx:333:7)
    at WorkPlanOptimizerPage (app\dashboard\(member-3-optimization-experience)\study-plan-optimizer\page.tsx:331:46)
  331 |   const isPreferenceResubmissionDue = useMemo(
  332 |     () =>
> 333 |       shouldRequirePreferenceResubmission({
      |       ^
  334 |         frequency: optimizerPromptFrequency,
  335 |         profileSubmittedAtIso
  336 |       }), {
  digest: '2296111323'
}
 ⨯ ReferenceError: shouldRequirePreferenceResubmission is not defined
    at WorkPlanOptimizerPage.useMemo[isPreferenceResubmissionDue] (app\dashboard\(member-3-optimization-experience)\study-plan-optimizer\page.tsx:333:7)
    at WorkPlanOptimizerPage (app\dashboard\(member-3-optimization-experience)\study-plan-optimizer\page.tsx:331:46)
  331 |   const isPreferenceResubmissionDue = useMemo(
  332 |     () =>
> 333 |       shouldRequirePreferenceResubmission({
      |       ^
  334 |         frequency: optimizerPromptFrequency,
  335 |         profileSubmittedAtIso
  336 |       }), {
  digest: '2296111323'
}
 ⚠ Fast Refresh had to perform a full reload due to a runtime error.
 ⨯ ReferenceError: shouldRequirePreferenceResubmission is not defined
    at WorkPlanOptimizerPage.useMemo[isPreferenceResubmissionDue] (app\dashboard\(member-3-optimization-experience)\study-plan-optimizer\page.tsx:333:7)
    at WorkPlanOptimizerPage (app\dashboard\(member-3-optimization-experience)\study-plan-optimizer\page.tsx:331:46)
  331 |   const isPreferenceResubmissionDue = useMemo(
  332 |     () =>
> 333 |       shouldRequirePreferenceResubmission({
      |       ^
  334 |         frequency: optimizerPromptFrequency,
  335 |         profileSubmittedAtIso
  336 |       }), {
  digest: '2296111323'
}
 ⚠ Fast Refresh had to perform a full reload due to a runtime error.
 ⚠ Fast Refresh had to perform a full reload due to a runtime error.
 ⨯ ReferenceError: shouldResetSubmittedPreferences is not defined
    at WorkPlanOptimizerPage.useMemo[isPreferenceResetDue] (app\dashboard\(member-3-optimization-experience)\study-plan-optimizer\page.tsx:342:7)
    at WorkPlanOptimizerPage (app\dashboard\(member-3-optimization-experience)\study-plan-optimizer\page.tsx:340:39)
  340 |   const isPreferenceResetDue = useMemo(
  341 |     () =>
> 342 |       shouldResetSubmittedPreferences({
      |       ^
  343 |         frequency: optimizerPromptFrequency,
  344 |         profileSubmittedAtIso
  345 |       }), {
  digest: '3601144046'
}
 ⨯ ReferenceError: shouldResetSubmittedPreferences is not defined
    at WorkPlanOptimizerPage.useMemo[isPreferenceResetDue] (app\dashboard\(member-3-optimization-experience)\study-plan-optimizer\page.tsx:342:7)
    at WorkPlanOptimizerPage (app\dashboard\(member-3-optimization-experience)\study-plan-optimizer\page.tsx:340:39)
  340 |   const isPreferenceResetDue = useMemo(
  341 |     () =>
> 342 |       shouldResetSubmittedPreferences({
      |       ^
  343 |         frequency: optimizerPromptFrequency,
  344 |         profileSubmittedAtIso
  345 |       }), {
  digest: '3601144046'
}
 ⚠ Fast Refresh had to perform a full reload due to a runtime error.
^C[clarus] frontend exited (code 3221225786). stopping services.
^C^C^C^C